---
source: crates/syntax/src/parser/tests.rs
expression: module
---
Module {
    body: [
        Expr(
            GetField(
                GetField {
                    target: GetIndex(
                        GetIndex {
                            target: GetField(
                                GetField {
                                    target: GetVar(
                                        GetVar {
                                            name: "a",
                                        },
                                    ),
                                    name: "b",
                                },
                            ),
                            key: GetVar(
                                GetVar {
                                    name: "c",
                                },
                            ),
                        },
                    ),
                    name: "d",
                },
            ),
        ),
        Expr(
            GetField(
                GetField {
                    target: GetIndex(
                        GetIndex {
                            target: GetField(
                                GetField {
                                    target: GetVar(
                                        GetVar {
                                            name: "a",
                                        },
                                    ),
                                    name: "b",
                                },
                            ),
                            key: GetVar(
                                GetVar {
                                    name: "c",
                                },
                            ),
                        },
                    ),
                    name: "d",
                },
            ),
        ),
    ],
}
