---
source: crates/syntax/src/parser/tests.rs
expression: module
---
Binary(
    Binary {
        op: Neq,
        left: GetVar(
            GetVar {
                name: "a",
            },
        ),
        right: GetVar(
            GetVar {
                name: "b",
            },
        ),
    },
)
