---
source: crates/syntax/src/parser/tests.rs
expression: module
---
Module {
    imports: [],
    body: [
        Func(
            Func {
                name: "f",
                params: [],
                body: [
                    Pass,
                ],
                has_yield: false,
            },
        ),
        Func(
            Func {
                name: "f",
                params: [],
                body: [
                    Pass,
                ],
                has_yield: false,
            },
        ),
        Func(
            Func {
                name: "f",
                params: [
                    Param {
                        name: "a",
                        default: None,
                    },
                ],
                body: [
                    Pass,
                ],
                has_yield: false,
            },
        ),
        Func(
            Func {
                name: "f",
                params: [
                    Param {
                        name: "a",
                        default: None,
                    },
                ],
                body: [
                    Pass,
                ],
                has_yield: false,
            },
        ),
        Func(
            Func {
                name: "f",
                params: [
                    Param {
                        name: "a",
                        default: None,
                    },
                    Param {
                        name: "b",
                        default: None,
                    },
                ],
                body: [
                    Pass,
                ],
                has_yield: false,
            },
        ),
        Func(
            Func {
                name: "f",
                params: [
                    Param {
                        name: "a",
                        default: None,
                    },
                    Param {
                        name: "b",
                        default: None,
                    },
                ],
                body: [
                    Pass,
                ],
                has_yield: false,
            },
        ),
    ],
}
