---
source: crates/syntax/src/parser/tests.rs
expression: module
---
GetNamed(
    GetNamed {
        target: GetKeyed(
            GetKeyed {
                target: GetNamed(
                    GetNamed {
                        target: GetVar(
                            GetVar {
                                name: "a",
                            },
                        ),
                        name: "b",
                    },
                ),
                key: GetVar(
                    GetVar {
                        name: "c",
                    },
                ),
            },
        ),
        name: "d",
    },
)
