---
source: crates/syntax/src/parser/tests.rs
expression: module
---
Module {
    body: [
        Import(
            Import {
                symbols: [
                    ImportSymbol {
                        path: [
                            "a",
                        ],
                        alias: None,
                    },
                ],
            },
        ),
        Import(
            Import {
                symbols: [
                    ImportSymbol {
                        path: [
                            "a",
                            "b",
                        ],
                        alias: None,
                    },
                ],
            },
        ),
        Import(
            Import {
                symbols: [
                    ImportSymbol {
                        path: [
                            "a",
                            "b",
                            "c",
                        ],
                        alias: None,
                    },
                ],
            },
        ),
        Import(
            Import {
                symbols: [
                    ImportSymbol {
                        path: [
                            "a",
                            "b",
                        ],
                        alias: None,
                    },
                    ImportSymbol {
                        path: [
                            "a",
                            "c",
                        ],
                        alias: None,
                    },
                ],
            },
        ),
        Import(
            Import {
                symbols: [
                    ImportSymbol {
                        path: [
                            "a",
                            "b",
                            "c",
                        ],
                        alias: None,
                    },
                    ImportSymbol {
                        path: [
                            "a",
                            "d",
                            "e",
                        ],
                        alias: None,
                    },
                ],
            },
        ),
        Import(
            Import {
                symbols: [
                    ImportSymbol {
                        path: [
                            "a",
                            "b",
                        ],
                        alias: None,
                    },
                    ImportSymbol {
                        path: [
                            "c",
                            "d",
                        ],
                        alias: None,
                    },
                ],
            },
        ),
        Import(
            Import {
                symbols: [
                    ImportSymbol {
                        path: [
                            "a",
                        ],
                        alias: None,
                    },
                    ImportSymbol {
                        path: [
                            "b",
                        ],
                        alias: None,
                    },
                    ImportSymbol {
                        path: [
                            "c",
                        ],
                        alias: None,
                    },
                ],
            },
        ),
    ],
}
