---
source: crates/syntax/src/parser/tests.rs
expression: module
---
Unary(
    Unary {
        op: Opt,
        right: Call(
            Call {
                target: GetNamed(
                    GetNamed {
                        target: GetKeyed(
                            GetKeyed {
                                target: GetNamed(
                                    GetNamed {
                                        target: GetVar(
                                            GetVar {
                                                name: "a",
                                            },
                                        ),
                                        name: "b",
                                    },
                                ),
                                key: GetVar(
                                    GetVar {
                                        name: "c",
                                    },
                                ),
                            },
                        ),
                        name: "d",
                    },
                ),
                args: Args {
                    pos: [],
                    kw: [],
                },
            },
        ),
    },
)
