---
source: crates/syntax/src/parser/tests.rs
expression: module
---
Module {
    imports: [],
    body: [
        Expr(
            SetNamed(
                SetNamed {
                    target: GetNamed {
                        target: GetVar(
                            GetVar {
                                name: "a",
                            },
                        ),
                        name: "b",
                    },
                    value: GetVar(
                        GetVar {
                            name: "b",
                        },
                    ),
                },
            ),
        ),
        Expr(
            SetNamed(
                SetNamed {
                    target: GetNamed {
                        target: GetVar(
                            GetVar {
                                name: "a",
                            },
                        ),
                        name: "b",
                    },
                    value: Binary(
                        Binary {
                            op: Add,
                            left: GetNamed(
                                GetNamed {
                                    target: GetVar(
                                        GetVar {
                                            name: "a",
                                        },
                                    ),
                                    name: "b",
                                },
                            ),
                            right: GetVar(
                                GetVar {
                                    name: "b",
                                },
                            ),
                        },
                    ),
                },
            ),
        ),
        Expr(
            SetNamed(
                SetNamed {
                    target: GetNamed {
                        target: GetVar(
                            GetVar {
                                name: "a",
                            },
                        ),
                        name: "b",
                    },
                    value: Binary(
                        Binary {
                            op: Sub,
                            left: GetNamed(
                                GetNamed {
                                    target: GetVar(
                                        GetVar {
                                            name: "a",
                                        },
                                    ),
                                    name: "b",
                                },
                            ),
                            right: GetVar(
                                GetVar {
                                    name: "b",
                                },
                            ),
                        },
                    ),
                },
            ),
        ),
        Expr(
            SetNamed(
                SetNamed {
                    target: GetNamed {
                        target: GetVar(
                            GetVar {
                                name: "a",
                            },
                        ),
                        name: "b",
                    },
                    value: Binary(
                        Binary {
                            op: Div,
                            left: GetNamed(
                                GetNamed {
                                    target: GetVar(
                                        GetVar {
                                            name: "a",
                                        },
                                    ),
                                    name: "b",
                                },
                            ),
                            right: GetVar(
                                GetVar {
                                    name: "b",
                                },
                            ),
                        },
                    ),
                },
            ),
        ),
        Expr(
            SetNamed(
                SetNamed {
                    target: GetNamed {
                        target: GetVar(
                            GetVar {
                                name: "a",
                            },
                        ),
                        name: "b",
                    },
                    value: Binary(
                        Binary {
                            op: Mul,
                            left: GetNamed(
                                GetNamed {
                                    target: GetVar(
                                        GetVar {
                                            name: "a",
                                        },
                                    ),
                                    name: "b",
                                },
                            ),
                            right: GetVar(
                                GetVar {
                                    name: "b",
                                },
                            ),
                        },
                    ),
                },
            ),
        ),
        Expr(
            SetNamed(
                SetNamed {
                    target: GetNamed {
                        target: GetVar(
                            GetVar {
                                name: "a",
                            },
                        ),
                        name: "b",
                    },
                    value: Binary(
                        Binary {
                            op: Rem,
                            left: GetNamed(
                                GetNamed {
                                    target: GetVar(
                                        GetVar {
                                            name: "a",
                                        },
                                    ),
                                    name: "b",
                                },
                            ),
                            right: GetVar(
                                GetVar {
                                    name: "b",
                                },
                            ),
                        },
                    ),
                },
            ),
        ),
        Expr(
            SetNamed(
                SetNamed {
                    target: GetNamed {
                        target: GetVar(
                            GetVar {
                                name: "a",
                            },
                        ),
                        name: "b",
                    },
                    value: Binary(
                        Binary {
                            op: Pow,
                            left: GetNamed(
                                GetNamed {
                                    target: GetVar(
                                        GetVar {
                                            name: "a",
                                        },
                                    ),
                                    name: "b",
                                },
                            ),
                            right: GetVar(
                                GetVar {
                                    name: "b",
                                },
                            ),
                        },
                    ),
                },
            ),
        ),
        Expr(
            SetNamed(
                SetNamed {
                    target: GetNamed {
                        target: GetVar(
                            GetVar {
                                name: "a",
                            },
                        ),
                        name: "b",
                    },
                    value: Binary(
                        Binary {
                            op: Maybe,
                            left: GetNamed(
                                GetNamed {
                                    target: GetVar(
                                        GetVar {
                                            name: "a",
                                        },
                                    ),
                                    name: "b",
                                },
                            ),
                            right: GetVar(
                                GetVar {
                                    name: "b",
                                },
                            ),
                        },
                    ),
                },
            ),
        ),
    ],
}
