---
source: crates/syntax/src/parser/tests.rs
expression: module
---
Module {
    imports: [],
    body: [
        Loop(
            Infinite(
                Infinite {
                    body: [
                        Pass,
                    ],
                },
            ),
        ),
        Loop(
            Infinite(
                Infinite {
                    body: [
                        Pass,
                    ],
                },
            ),
        ),
    ],
}
