---
source: src/internal/syntax/parser/tests.rs
expression: module
---
Module {
    body: [
        Loop(
            Infinite(
                Infinite {
                    body: [
                        Pass,
                    ],
                },
            ),
        ),
        Loop(
            Infinite(
                Infinite {
                    body: [
                        Pass,
                    ],
                },
            ),
        ),
    ],
}
