---
source: src/internal/syntax/parser/tests.rs
expression: module
---
Module {
    body: [
        Class(
            Class {
                name: Ident(
                    "T",
                ),
                parent: None,
                members: ClassMembers {
                    init: None,
                    fields: [],
                    methods: [],
                },
            },
        ),
        Class(
            Class {
                name: Ident(
                    "T",
                ),
                parent: None,
                members: ClassMembers {
                    init: None,
                    fields: [],
                    methods: [],
                },
            },
        ),
        Class(
            Class {
                name: Ident(
                    "T",
                ),
                parent: None,
                members: ClassMembers {
                    init: None,
                    fields: [],
                    methods: [
                        Func {
                            name: Ident(
                                "f",
                            ),
                            params: Params {
                                has_self: false,
                                pos: [
                                    Param {
                                        name: Ident(
                                            "v",
                                        ),
                                        default: None,
                                    },
                                ],
                            },
                            body: [
                                Pass,
                            ],
                            has_yield: false,
                        },
                    ],
                },
            },
        ),
        Class(
            Class {
                name: Ident(
                    "T",
                ),
                parent: None,
                members: ClassMembers {
                    init: None,
                    fields: [
                        Field {
                            name: Ident(
                                "a",
                            ),
                            default: GetVar(
                                GetVar {
                                    name: Ident(
                                        "b",
                                    ),
                                },
                            ),
                        },
                    ],
                    methods: [
                        Func {
                            name: Ident(
                                "f",
                            ),
                            params: Params {
                                has_self: false,
                                pos: [
                                    Param {
                                        name: Ident(
                                            "v",
                                        ),
                                        default: None,
                                    },
                                ],
                            },
                            body: [
                                Pass,
                            ],
                            has_yield: false,
                        },
                    ],
                },
            },
        ),
        Class(
            Class {
                name: Ident(
                    "T",
                ),
                parent: Some(
                    Ident(
                        "U",
                    ),
                ),
                members: ClassMembers {
                    init: None,
                    fields: [],
                    methods: [],
                },
            },
        ),
        Class(
            Class {
                name: Ident(
                    "T",
                ),
                parent: Some(
                    Ident(
                        "U",
                    ),
                ),
                members: ClassMembers {
                    init: None,
                    fields: [],
                    methods: [],
                },
            },
        ),
        Class(
            Class {
                name: Ident(
                    "T",
                ),
                parent: Some(
                    Ident(
                        "U",
                    ),
                ),
                members: ClassMembers {
                    init: None,
                    fields: [
                        Field {
                            name: Ident(
                                "a",
                            ),
                            default: GetVar(
                                GetVar {
                                    name: Ident(
                                        "b",
                                    ),
                                },
                            ),
                        },
                    ],
                    methods: [],
                },
            },
        ),
        Class(
            Class {
                name: Ident(
                    "T",
                ),
                parent: Some(
                    Ident(
                        "U",
                    ),
                ),
                members: ClassMembers {
                    init: None,
                    fields: [
                        Field {
                            name: Ident(
                                "a",
                            ),
                            default: GetVar(
                                GetVar {
                                    name: Ident(
                                        "b",
                                    ),
                                },
                            ),
                        },
                    ],
                    methods: [
                        Func {
                            name: Ident(
                                "f",
                            ),
                            params: Params {
                                has_self: false,
                                pos: [
                                    Param {
                                        name: Ident(
                                            "v",
                                        ),
                                        default: None,
                                    },
                                ],
                            },
                            body: [
                                Pass,
                            ],
                            has_yield: false,
                        },
                    ],
                },
            },
        ),
        Class(
            Class {
                name: Ident(
                    "T",
                ),
                parent: Some(
                    Ident(
                        "U",
                    ),
                ),
                members: ClassMembers {
                    init: None,
                    fields: [
                        Field {
                            name: Ident(
                                "a",
                            ),
                            default: GetVar(
                                GetVar {
                                    name: Ident(
                                        "b",
                                    ),
                                },
                            ),
                        },
                    ],
                    methods: [
                        Func {
                            name: Ident(
                                "f",
                            ),
                            params: Params {
                                has_self: false,
                                pos: [
                                    Param {
                                        name: Ident(
                                            "v",
                                        ),
                                        default: None,
                                    },
                                ],
                            },
                            body: [
                                Pass,
                            ],
                            has_yield: false,
                        },
                    ],
                },
            },
        ),
    ],
}
