---
source: crates/runtime/src/value/mod.rs
expression: values
---
[
    Value {
        type: "float",
        value: 3.141592653589793,
    },
    Value {
        type: "int",
        value: -1000000,
    },
    Value {
        type: "bool",
        value: true,
    },
    Value {
        type: "none",
        value: "<none>",
    },
    Value {
        type: "object",
        value: Str(
            "test",
        ),
    },
]
