---
source: src/internal/vm/tests.rs
expression: snapshot
---
# Source:
class T:
  v = 0
class U(T): pass
U()


# Result:
Object(
    ClassInstance {
        name: "U",
        fields: {
            "v": Int(
                0,
            ),
        },
        parent: Some(
            ClassType {
                name: "T",
                init: None,
                fields: {
                    "v": Int(
                        0,
                    ),
                },
                methods: {},
                parent: None,
            },
        ),
    },
)
