---
source: crates/value/src/tests.rs
expression: values
---
[
    Value {
        type: "float",
        value: Some(
            3.141592653589793,
        ),
    },
    Value {
        type: "int",
        value: Some(
            -1000000,
        ),
    },
    Value {
        type: "bool",
        value: Some(
            true,
        ),
    },
    Value {
        type: "none",
        value: "<none>",
    },
    Value {
        type: "object",
        value: Some(
            <object>,
        ),
    },
]
