---
source: ex/vm3/tests/./common/mod.rs
expression: snapshot
---
function `__main__` (registers: 5, length: 18 (72 bytes))
.const
  0: "a"
.code
  lnil  r0              ; let v
  lnil  r1              ; let o
  lc    [0], r4         ; o["a"]
  li    r1, r4, r2
  lsmi  0, r4           ; o[0]
  li    r1, r4, r2
  lc    [0], r3         ; v = o["a"]
  li    r1, r3, r0
  lsmi  0, r3           ; v = o[0]
  li    r1, r3, r0
  lc    [0], r3         ; v = o["a"] + o[0]
  li    r1, r3, r0
  lsmi  0, r4
  li    r1, r4, r2
  add   r0, r2, r0
  fin   
  lnil  r0
  ret   r0

