---
source: ex/vm3/tests/./common/mod.rs
expression: snapshot
---
function `__main__` (registers: 4, length: 14 (56 bytes))
.const
  0: ListProto { start: Reg(1), count: 1 }
  1: ListProto { start: Reg(1), count: 3 }
  2: ListProto { start: Reg(2), count: 1 }
  3: ListProto { start: Reg(1), count: 1 }
.code
  lnil  r0              ; let v
  mle   r0              ; v = #[]
  lsmi  0, r1           ; v = #[0]
  ml    [0], r0
  lsmi  0, r1           ; v = #[0, 1, 2]
  lsmi  1, r2
  lsmi  2, r3
  ml    [1], r0
  lsmi  0, r2           ; v = #[#[0]]
  ml    [2], r1
  ml    [3], r0
  fin   
  lnil  r0
  ret   r0

