---
source: crates/op/src/tests.rs
expression: chunk.disassemble(false)
---
function <test>:
  length: 38
  const_pool: <empty>
  code:
     0 | push_small_int value=10
     5 | store_reg r0
     7 | load_reg r0
     9 | jump_if_false offset=27
    11 | nop 
    12 | nop 
    13 | nop 
    14 | nop 
    15 | push_small_int value=123
    20 | print 
    21 | push_small_int value=1
    26 | sub r0
    28 | store_reg r0
    30 | jump_back offset=23
    32 | nop 
    33 | nop 
    34 | nop 
    35 | nop 
    36 | ret 
    37 | suspend 

