---
source: crates/op/src/tests.rs
expression: chunk.disassemble()
---
function <test>:
length = 34
const pool = (length=3) {
  0 = 123
  1 = 10
  2 = 1
}
bytecode:
  0 | 03 00             load_const          slot=0
  2 | 05 00             store_reg           reg=0
  4 | 03 01             load_const          slot=1
  6 | 05 01             store_reg           reg=1
  8 | 03 02             load_const          slot=2
 10 | 05 02             store_reg           reg=2
 12 | 04 01             load_reg            reg=1
 14 | 07 20             jump_if_false       offset=32
 16 | 00                nop                
 17 | 00                nop                
 18 | 00                nop                
 19 | 00                nop                
 20 | 09 00             print               reg=0
 22 | 08 01 01 02       sub                 dest=1 a=1 b=2
 26 | 06 0c             jump                offset=12
 28 | 00                nop                
 29 | 00                nop                
 30 | 00                nop                
 31 | 00                nop                
 32 | 0a                ret                
 33 | ff                suspend            

