---
source: crates/syntax/src/lexer/tests.rs
expression: "Lexer::lex(input)"
---
Ok(
    [
        (>0 Lit_Ident `v` @10..11),
        (>0 Op_Equal @12..13),
        (>0 Lit_Null @14..18),
        (>0 Lit_Ident `v` @26..27),
        (>0 Op_Equal @28..29),
        (>0 Lit_Number @30..33),
        (>0 Lit_Ident `v` @43..44),
        (>0 Op_Equal @45..46),
        (>0 Lit_Bool @47..51),
        (>0 Lit_Ident `v` @59..60),
        (>0 Op_Equal @61..62),
        (>0 Lit_String @63..81),
        (>0 Lit_Ident `v` @91..92),
        (>0 Op_Equal @93..94),
        (>0 Brk_SquareL @95..96),
        (>0 Lit_Null @96..100),
        (>0 Tok_Comma @100..101),
        (>0 Lit_Number @102..105),
        (>0 Tok_Comma @105..106),
        (>0 Lit_Bool @107..111),
        (>0 Tok_Comma @111..112),
        (>0 Lit_String @113..131),
        (>0 Brk_SquareR @131..132),
        (>0 Lit_Ident `v` @150..151),
        (>0 Op_Equal @152..153),
        (>0 Brk_CurlyL @154..155),
        (>0 Lit_Ident `a` @155..156),
        (>0 Op_Equal @156..157),
        (>0 Lit_Null @157..161),
        (>0 Tok_Comma @161..162),
        (>0 Lit_Ident `b` @163..164),
        (>0 Op_Equal @164..165),
        (>0 Lit_Number @165..168),
        (>0 Tok_Comma @168..169),
        (>0 Lit_Ident `c` @170..171),
        (>0 Op_Equal @171..172),
        (>0 Lit_Bool @172..176),
        (>0 Tok_Comma @176..177),
        (>0 Lit_Ident `d` @178..179),
        (>0 Op_Equal @179..180),
        (>0 Lit_String @180..198),
        (>0 Brk_CurlyR @198..199),
        (>0 Lit_Ident `v` @200..201),
        (>0 Op_Equal @202..203),
        (>0 Brk_CurlyL @204..205),
        (>0 Brk_SquareL @205..206),
        (>0 Lit_String @206..209),
        (>0 Brk_SquareR @209..210),
        (>0 Op_Equal @210..211),
        (>0 Lit_Null @211..215),
        (>0 Tok_Comma @215..216),
        (>0 Brk_SquareL @217..218),
        (>0 Lit_String @218..221),
        (>0 Brk_SquareR @221..222),
        (>0 Op_Equal @222..223),
        (>0 Lit_Number @223..226),
        (>0 Tok_Comma @226..227),
        (>0 Brk_SquareL @228..229),
        (>0 Lit_String @229..232),
        (>0 Brk_SquareR @232..233),
        (>0 Op_Equal @233..234),
        (>0 Lit_Bool @234..238),
        (>0 Tok_Comma @238..239),
        (>0 Brk_SquareL @240..241),
        (>0 Lit_String @241..244),
        (>0 Brk_SquareR @244..245),
        (>0 Op_Equal @245..246),
        (>0 Lit_String @246..264),
        (>0 Brk_CurlyR @264..265),
        (>0 Lit_Ident `v` @266..267),
        (>0 Op_Equal @268..269),
        (>0 Brk_CurlyL @270..271),
        (>0 Brk_SquareL @271..272),
        (>0 Lit_Number @272..273),
        (>0 Brk_SquareR @273..274),
        (>0 Op_Equal @274..275),
        (>0 Lit_Null @275..279),
        (>0 Tok_Comma @279..280),
        (>0 Brk_SquareL @281..282),
        (>0 Lit_Number @282..283),
        (>0 Brk_SquareR @283..284),
        (>0 Op_Equal @284..285),
        (>0 Lit_Number @285..288),
        (>0 Tok_Comma @288..289),
        (>0 Brk_SquareL @290..291),
        (>0 Lit_Number @291..292),
        (>0 Brk_SquareR @292..293),
        (>0 Op_Equal @293..294),
        (>0 Lit_Bool @294..298),
        (>0 Tok_Comma @298..299),
        (>0 Brk_SquareL @300..301),
        (>0 Lit_Number @301..302),
        (>0 Brk_SquareR @302..303),
        (>0 Op_Equal @303..304),
        (>0 Lit_String @304..322),
        (>0 Brk_CurlyR @322..323),
        (>0 Lit_Ident `v` @337..338),
        (>0 Op_Equal @339..340),
        (>0 Lit_Number @341..342),
        (>0 Op_Plus @343..344),
        (>0 Lit_Number @345..346),
        (>0 Lit_Ident `v` @347..348),
        (>0 Op_Equal @349..350),
        (>0 Lit_Number @351..352),
        (>0 Op_Minus @353..354),
        (>0 Lit_Number @355..356),
        (>0 Lit_Ident `v` @357..358),
        (>0 Op_Equal @359..360),
        (>0 Lit_Number @361..362),
        (>0 Op_Slash @363..364),
        (>0 Lit_Number @365..366),
        (>0 Lit_Ident `v` @367..368),
        (>0 Op_Equal @369..370),
        (>0 Lit_Number @371..372),
        (>0 Op_Star @373..374),
        (>0 Lit_Number @375..376),
        (>0 Lit_Ident `v` @377..378),
        (>0 Op_Equal @379..380),
        (>0 Lit_Number @381..382),
        (>0 Op_Percent @383..384),
        (>0 Lit_Number @385..386),
        (>0 Lit_Ident `v` @387..388),
        (>0 Op_Equal @389..390),
        (>0 Lit_Number @391..392),
        (>0 Op_StarStar @393..395),
        (>0 Lit_Number @396..397),
        (>0 Lit_Ident `v` @398..399),
        (>0 Op_Equal @400..401),
        (>0 Lit_Number @402..403),
        (>0 Op_EqualEqual @404..406),
        (>0 Lit_Number @407..408),
        (>0 Lit_Ident `v` @409..410),
        (>0 Op_Equal @411..412),
        (>0 Lit_Number @413..414),
        (>0 Op_BangEqual @415..417),
        (>0 Lit_Number @418..419),
        (>0 Lit_Ident `v` @420..421),
        (>0 Op_Equal @422..423),
        (>0 Lit_Number @424..425),
        (>0 Op_More @426..427),
        (>0 Lit_Number @428..429),
        (>0 Lit_Ident `v` @430..431),
        (>0 Op_Equal @432..433),
        (>0 Lit_Number @434..435),
        (>0 Op_MoreEqual @436..438),
        (>0 Lit_Number @439..440),
        (>0 Lit_Ident `v` @441..442),
        (>0 Op_Equal @443..444),
        (>0 Lit_Number @445..446),
        (>0 Op_Less @447..448),
        (>0 Lit_Number @449..450),
        (>0 Lit_Ident `v` @451..452),
        (>0 Op_Equal @453..454),
        (>0 Lit_Number @455..456),
        (>0 Op_LessEqual @457..459),
        (>0 Lit_Number @460..461),
        (>0 Lit_Ident `v` @462..463),
        (>0 Op_Equal @464..465),
        (>0 Op_Minus @466..467),
        (>0 Lit_Number @467..468),
        (>0 Lit_Ident `v` @469..470),
        (>0 Op_Equal @471..472),
        (>0 Op_Bang @473..474),
        (>0 Lit_Bool @474..478),
        (>0 Lit_Ident `v` @479..480),
        (>0 Op_Equal @481..482),
        (>0 Lit_Bool @483..487),
        (>0 Op_AndAnd @488..490),
        (>0 Lit_Bool @491..495),
        (>0 Lit_Ident `v` @496..497),
        (>0 Op_Equal @498..499),
        (>0 Lit_Bool @500..505),
        (>0 Op_PipePipe @506..508),
        (>0 Lit_Bool @509..513),
        (>0 Lit_Ident `v` @514..515),
        (>0 Op_Equal @516..517),
        (>0 Lit_Ident `a` @518..519),
        (>0 Op_QuestionQuestion @520..522),
        (>0 Lit_Ident `b` @523..524),
        (>0 Lit_Ident `v` @539..540),
        (>0 Op_Equal @541..542),
        (>0 Lit_Number @543..544),
        (>0 Lit_Ident `v` @597..598),
        (>0 Op_PlusEqual @599..601),
        (>0 Lit_Number @602..603),
        (>0 Lit_Ident `v` @604..605),
        (>0 Op_MinusEqual @606..608),
        (>0 Lit_Number @609..610),
        (>0 Lit_Ident `v` @611..612),
        (>0 Op_SlashEqual @613..615),
        (>0 Lit_Number @616..617),
        (>0 Lit_Ident `v` @618..619),
        (>0 Op_StarEqual @620..622),
        (>0 Lit_Number @623..624),
        (>0 Lit_Ident `v` @625..626),
        (>0 Op_PercentEqual @627..629),
        (>0 Lit_Number @630..631),
        (>0 Lit_Ident `v` @632..633),
        (>0 Op_StarStarEqual @634..637),
        (>0 Lit_Number @638..639),
        (>0 Lit_Ident `v` @640..641),
        (>0 Op_QuestionQuestionEqual @642..645),
        (>0 Lit_Number @646..647),
        (>0 Lit_Ident `v` @659..660),
        (>0 Op_Dot @660..661),
        (>0 Lit_Ident `a` @661..662),
        (>0 Lit_Ident `v` @663..664),
        (>0 Brk_SquareL @664..665),
        (>0 Lit_String @665..668),
        (>0 Brk_SquareR @668..669),
        (>0 Lit_Ident `v` @670..671),
        (>0 Brk_ParenL @671..672),
        (>0 Lit_Ident `a` @672..673),
        (>0 Brk_ParenR @673..674),
        (>0 Kw_Fn @707..709),
        (>0 Lit_Ident `add` @710..713),
        (>0 Brk_ParenL @713..714),
        (>0 Lit_Ident `a` @714..715),
        (>0 Tok_Comma @715..716),
        (>0 Lit_Ident `b` @717..718),
        (>0 Brk_ParenR @718..719),
        (>0 Tok_Colon @719..720),
        (>2 Lit_Ident `a` @723..724),
        (>0 Op_Plus @725..726),
        (>0 Lit_Ident `b` @727..728),
        (>0 Lit_Ident `v` @730..731),
        (>0 Op_Equal @732..733),
        (>0 Lit_Ident `add` @734..737),
        (>0 Brk_ParenL @737..738),
        (>0 Lit_Number @738..739),
        (>0 Tok_Comma @739..740),
        (>0 Lit_Number @741..742),
        (>0 Brk_ParenR @742..743),
        (>0 Kw_Fn @745..747),
        (>0 Lit_Ident `fib` @748..751),
        (>0 Brk_ParenL @751..752),
        (>0 Lit_Ident `n` @752..753),
        (>0 Brk_ParenR @753..754),
        (>0 Tok_Colon @754..755),
        (>2 Kw_If @758..760),
        (>0 Lit_Ident `n` @761..762),
        (>0 Op_Less @763..764),
        (>0 Lit_Number @765..766),
        (>0 Tok_Colon @766..767),
        (>0 Lit_Ident `n` @768..769),
        (>2 Kw_Else @772..776),
        (>0 Tok_Colon @776..777),
        (>0 Lit_Ident `n` @778..779),
        (>0 Op_Star @780..781),
        (>0 Lit_Ident `fib` @782..785),
        (>0 Brk_ParenL @785..786),
        (>0 Lit_Ident `n` @786..787),
        (>0 Op_Minus @788..789),
        (>0 Lit_Number @790..791),
        (>0 Brk_ParenR @791..792),
        (>0 Kw_Fn @793..795),
        (>0 Lit_Ident `print_fib` @796..805),
        (>0 Brk_ParenL @805..806),
        (>0 Lit_Ident `n` @806..807),
        (>0 Brk_ParenR @807..808),
        (>0 Tok_Colon @808..809),
        (>2 Lit_Ident `print` @812..817),
        (>0 Brk_ParenL @817..818),
        (>0 Lit_Ident `fib` @818..821),
        (>0 Brk_ParenL @821..822),
        (>0 Lit_Ident `n` @822..823),
        (>0 Brk_ParenR @823..824),
        (>0 Brk_ParenR @824..825),
        (>0 Kw_For @856..859),
        (>0 Lit_Ident `i` @860..861),
        (>0 Kw_In @862..864),
        (>0 Lit_Number @865..866),
        (>0 Op_Range @866..868),
        (>0 Lit_Number @868..870),
        (>0 Tok_Colon @870..871),
        (>2 Lit_Ident `print` @874..879),
        (>0 Brk_ParenL @879..880),
        (>0 Lit_Ident `i` @880..881),
        (>0 Brk_ParenR @881..882),
        (>0 Kw_Fn @1048..1050),
        (>0 Lit_Ident `counter` @1051..1058),
        (>0 Brk_ParenL @1058..1059),
        (>0 Lit_Ident `start` @1059..1064),
        (>0 Tok_Comma @1064..1065),
        (>0 Lit_Ident `step` @1066..1070),
        (>0 Tok_Comma @1070..1071),
        (>0 Lit_Ident `end` @1072..1075),
        (>0 Brk_ParenR @1075..1076),
        (>0 Tok_Colon @1076..1077),
        (>2 Lit_Ident `n` @1080..1081),
        (>0 Op_Equal @1082..1083),
        (>0 Lit_Ident `start` @1084..1089),
        (>2 Kw_Loop @1092..1096),
        (>0 Tok_Colon @1096..1097),
        (>4 Kw_Yield @1102..1107),
        (>0 Lit_Ident `n` @1108..1109),
        (>4 Lit_Ident `n` @1114..1115),
        (>0 Op_PlusEqual @1116..1118),
        (>0 Lit_Ident `step` @1119..1123),
        (>4 Kw_If @1128..1130),
        (>0 Lit_Ident `end` @1131..1134),
        (>0 Op_AndAnd @1135..1137),
        (>0 Lit_Ident `n` @1138..1139),
        (>0 Op_More @1140..1141),
        (>0 Lit_Ident `end` @1142..1145),
        (>0 Tok_Colon @1145..1146),
        (>0 Kw_Return @1147..1153),
        (>0 Kw_For @1155..1158),
        (>0 Lit_Ident `n` @1159..1160),
        (>0 Kw_In @1161..1163),
        (>0 Lit_Ident `counter` @1164..1171),
        (>0 Brk_ParenL @1171..1172),
        (>0 Lit_Number @1172..1173),
        (>0 Tok_Comma @1173..1174),
        (>0 Lit_Number @1175..1177),
        (>0 Tok_Comma @1177..1178),
        (>0 Lit_Number @1179..1182),
        (>0 Brk_ParenR @1182..1183),
        (>0 Tok_Colon @1183..1184),
        (>2 Lit_Ident `print` @1187..1192),
        (>0 Brk_ParenL @1192..1193),
        (>0 Lit_Ident `n` @1193..1194),
        (>0 Brk_ParenR @1194..1195),
        (>0 Lit_Ident `v` @1197..1198),
        (>0 Op_Equal @1199..1200),
        (>0 Lit_Number @1201..1202),
        (>0 Kw_While @1203..1208),
        (>0 Lit_Ident `v` @1209..1210),
        (>0 Op_Less @1211..1212),
        (>0 Lit_Number @1213..1215),
        (>0 Tok_Colon @1215..1216),
        (>2 Lit_Ident `print` @1219..1224),
        (>0 Brk_ParenL @1224..1225),
        (>0 Lit_Ident `v` @1225..1226),
        (>0 Brk_ParenR @1226..1227),
        (>2 Lit_Ident `v` @1230..1231),
        (>0 Op_PlusEqual @1232..1234),
        (>0 Lit_Number @1235..1236),
        (>0 Lit_Ident `v` @1238..1239),
        (>0 Op_Equal @1240..1241),
        (>0 Lit_Number @1242..1243),
        (>0 Kw_Loop @1244..1248),
        (>0 Tok_Colon @1248..1249),
        (>2 Kw_If @1252..1254),
        (>0 Lit_Ident `v` @1255..1256),
        (>0 Op_MoreEqual @1257..1259),
        (>0 Lit_Number @1260..1262),
        (>0 Tok_Colon @1262..1263),
        (>0 Kw_Break @1264..1269),
        (>2 Lit_Ident `print` @1272..1277),
        (>0 Brk_ParenL @1277..1278),
        (>0 Lit_Ident `v` @1278..1279),
        (>0 Brk_ParenR @1279..1280),
        (>2 Lit_Ident `v` @1283..1284),
        (>0 Op_PlusEqual @1285..1287),
        (>0 Lit_Number @1288..1289),
        (>0 Kw_If @1291..1293),
        (>0 Lit_Ident `v` @1294..1295),
        (>0 Op_MoreEqual @1296..1298),
        (>0 Lit_Number @1299..1301),
        (>0 Tok_Colon @1301..1302),
        (>0 Lit_Ident `print` @1303..1308),
        (>0 Brk_ParenL @1308..1309),
        (>0 Lit_String @1309..1325),
        (>0 Tok_Comma @1325..1326),
        (>0 Lit_Ident `v` @1327..1328),
        (>0 Brk_ParenR @1328..1329),
        (>0 Kw_Else @1330..1334),
        (>0 Tok_Colon @1334..1335),
        (>0 Lit_Ident `print` @1336..1341),
        (>0 Brk_ParenL @1341..1342),
        (>0 Lit_String @1342..1362),
        (>0 Tok_Comma @1362..1363),
        (>0 Lit_Ident `v` @1364..1365),
        (>0 Brk_ParenR @1365..1366),
        (>0 Kw_If @1368..1370),
        (>0 Lit_Ident `v` @1371..1372),
        (>0 Op_Less @1373..1374),
        (>0 Lit_Number @1375..1377),
        (>0 Tok_Colon @1377..1378),
        (>2 Lit_Ident `print` @1381..1386),
        (>0 Brk_ParenL @1386..1387),
        (>0 Lit_String @1387..1401),
        (>0 Brk_ParenR @1401..1402),
        (>0 Kw_Else @1403..1407),
        (>0 Kw_If @1408..1410),
        (>0 Lit_Ident `v` @1411..1412),
        (>0 Op_Less @1413..1414),
        (>0 Lit_Number @1415..1417),
        (>0 Tok_Colon @1417..1418),
        (>2 Lit_Ident `print` @1421..1426),
        (>0 Brk_ParenL @1426..1427),
        (>0 Lit_String @1427..1441),
        (>0 Brk_ParenR @1441..1442),
        (>0 Kw_Else @1443..1447),
        (>0 Tok_Colon @1447..1448),
        (>2 Lit_Ident `print` @1451..1456),
        (>0 Brk_ParenL @1456..1457),
        (>0 Lit_String @1457..1469),
        (>0 Brk_ParenR @1469..1470),
        (>0 Kw_Fn @1496..1498),
        (>0 Lit_Ident `clamp` @1499..1504),
        (>0 Brk_ParenL @1504..1505),
        (>0 Lit_Ident `v` @1505..1506),
        (>0 Tok_Comma @1506..1507),
        (>0 Lit_Ident `min` @1508..1511),
        (>0 Tok_Comma @1511..1512),
        (>0 Lit_Ident `max` @1513..1516),
        (>0 Brk_ParenR @1516..1517),
        (>0 Tok_Colon @1517..1518),
        (>2 Kw_If @1521..1523),
        (>0 Lit_Ident `v` @1524..1525),
        (>0 Op_Less @1526..1527),
        (>0 Lit_Ident `min` @1528..1531),
        (>0 Tok_Colon @1531..1532),
        (>0 Lit_Ident `min` @1533..1536),
        (>2 Kw_Elif @1539..1543),
        (>0 Lit_Ident `v` @1544..1545),
        (>0 Op_More @1546..1547),
        (>0 Lit_Ident `max` @1548..1551),
        (>0 Tok_Colon @1551..1552),
        (>0 Lit_Ident `max` @1553..1556),
        (>2 Kw_Else @1559..1563),
        (>0 Tok_Colon @1563..1564),
        (>0 Lit_Ident `v` @1565..1566),
        (>0 Kw_Class @1568..1573),
        (>0 Lit_Ident `Test` @1574..1578),
        (>0 Tok_Colon @1578..1579),
        (>2 Lit_Ident `init` @1582..1586),
        (>0 Brk_ParenL @1586..1587),
        (>0 Lit_Ident `self` @1587..1591),
        (>0 Tok_Comma @1591..1592),
        (>0 Lit_Ident `n` @1593..1594),
        (>0 Brk_ParenR @1594..1595),
        (>0 Tok_Colon @1595..1596),
        (>4 Lit_Ident `self` @1601..1605),
        (>0 Op_Dot @1605..1606),
        (>0 Lit_Ident `n` @1606..1607),
        (>0 Op_Equal @1608..1609),
        (>0 Lit_Ident `n` @1610..1611),
        (>0 Lit_Ident `get_n` @1615..1620),
        (>0 Brk_ParenL @1620..1621),
        (>0 Lit_Ident `self` @1621..1625),
        (>0 Brk_ParenR @1625..1626),
        (>0 Tok_Colon @1626..1627),
        (>4 Lit_Ident `self` @1632..1636),
        (>0 Op_Dot @1636..1637),
        (>0 Lit_Ident `n` @1637..1638),
        (>0 Lit_Ident `test0` @1642..1647),
        (>0 Brk_ParenL @1647..1648),
        (>0 Brk_ParenR @1648..1649),
        (>0 Tok_Colon @1649..1650),
        (>4 Lit_Ident `print` @1655..1660),
        (>0 Brk_ParenL @1660..1661),
        (>0 Lit_String @1661..1669),
        (>0 Tok_Comma @1669..1670),
        (>0 Lit_Ident `Test` @1671..1675),
        (>0 Brk_ParenR @1675..1676),
        (>0 Lit_Ident `test1` @1680..1685),
        (>0 Brk_ParenL @1685..1686),
        (>0 Lit_Ident `self` @1686..1690),
        (>0 Brk_ParenR @1690..1691),
        (>0 Tok_Colon @1691..1692),
        (>4 Lit_Ident `print` @1697..1702),
        (>0 Brk_ParenL @1702..1703),
        (>0 Lit_String @1703..1713),
        (>0 Tok_Comma @1713..1714),
        (>0 Lit_Ident `self` @1715..1719),
        (>0 Brk_ParenR @1719..1720),
        (>0 Lit_Ident `v` @1722..1723),
        (>0 Op_Equal @1724..1725),
        (>0 Lit_Ident `Test` @1726..1730),
        (>0 Brk_ParenL @1730..1731),
        (>0 Brk_ParenR @1731..1732),
        (>0 Lit_Ident `print` @1733..1738),
        (>0 Brk_ParenL @1738..1739),
        (>0 Lit_Ident `v` @1739..1740),
        (>0 Op_Dot @1740..1741),
        (>0 Lit_Ident `get_n` @1741..1746),
        (>0 Brk_ParenL @1746..1747),
        (>0 Brk_ParenR @1747..1748),
        (>0 Op_EqualEqual @1749..1751),
        (>0 Lit_Ident `Test` @1752..1756),
        (>0 Op_Dot @1756..1757),
        (>0 Lit_Ident `get_n` @1757..1762),
        (>0 Brk_ParenL @1762..1763),
        (>0 Lit_Ident `v` @1763..1764),
        (>0 Brk_ParenR @1764..1765),
        (>0 Brk_ParenR @1765..1766),
        (>0 Lit_Ident `panic` @1815..1820),
        (>0 Brk_ParenL @1820..1821),
        (>0 Lit_String @1821..1827),
        (>0 Brk_ParenR @1827..1828),
        (>0 Kw_Use @1854..1857),
        (>0 Lit_Ident `json` @1858..1862),
        (>0 Lit_Ident `v` @1977..1978),
        (>0 Op_Equal @1979..1980),
        (>0 Lit_Ident `json` @1981..1985),
        (>0 Op_Dot @1985..1986),
        (>0 Lit_Ident `parse` @1986..1991),
        (>0 Brk_ParenL @1991..1992),
        (>0 Lit_String @1992..2012),
        (>0 Brk_ParenR @2012..2013),
        (>0 Lit_Ident `print` @2014..2019),
        (>0 Brk_ParenL @2019..2020),
        (>0 Lit_Ident `v` @2020..2021),
        (>0 Brk_ParenR @2021..2022),
    ],
)
