---
source: src/syntax/parser/tests.rs
expression: module
---
Module {
    body: [
        Expr(
            SetField(
                SetField {
                    target: GetField {
                        target: GetVar(
                            GetVar {
                                name: Ident(
                                    "a",
                                ),
                            },
                        ),
                        name: Ident(
                            "b",
                        ),
                    },
                    value: GetVar(
                        GetVar {
                            name: Ident(
                                "b",
                            ),
                        },
                    ),
                },
            ),
        ),
        Expr(
            SetField(
                SetField {
                    target: GetField {
                        target: GetVar(
                            GetVar {
                                name: Ident(
                                    "a",
                                ),
                            },
                        ),
                        name: Ident(
                            "b",
                        ),
                    },
                    value: Binary(
                        Binary {
                            op: Add,
                            left: GetField(
                                GetField {
                                    target: GetVar(
                                        GetVar {
                                            name: Ident(
                                                "a",
                                            ),
                                        },
                                    ),
                                    name: Ident(
                                        "b",
                                    ),
                                },
                            ),
                            right: GetVar(
                                GetVar {
                                    name: Ident(
                                        "b",
                                    ),
                                },
                            ),
                        },
                    ),
                },
            ),
        ),
        Expr(
            SetField(
                SetField {
                    target: GetField {
                        target: GetVar(
                            GetVar {
                                name: Ident(
                                    "a",
                                ),
                            },
                        ),
                        name: Ident(
                            "b",
                        ),
                    },
                    value: Binary(
                        Binary {
                            op: Sub,
                            left: GetField(
                                GetField {
                                    target: GetVar(
                                        GetVar {
                                            name: Ident(
                                                "a",
                                            ),
                                        },
                                    ),
                                    name: Ident(
                                        "b",
                                    ),
                                },
                            ),
                            right: GetVar(
                                GetVar {
                                    name: Ident(
                                        "b",
                                    ),
                                },
                            ),
                        },
                    ),
                },
            ),
        ),
        Expr(
            SetField(
                SetField {
                    target: GetField {
                        target: GetVar(
                            GetVar {
                                name: Ident(
                                    "a",
                                ),
                            },
                        ),
                        name: Ident(
                            "b",
                        ),
                    },
                    value: Binary(
                        Binary {
                            op: Div,
                            left: GetField(
                                GetField {
                                    target: GetVar(
                                        GetVar {
                                            name: Ident(
                                                "a",
                                            ),
                                        },
                                    ),
                                    name: Ident(
                                        "b",
                                    ),
                                },
                            ),
                            right: GetVar(
                                GetVar {
                                    name: Ident(
                                        "b",
                                    ),
                                },
                            ),
                        },
                    ),
                },
            ),
        ),
        Expr(
            SetField(
                SetField {
                    target: GetField {
                        target: GetVar(
                            GetVar {
                                name: Ident(
                                    "a",
                                ),
                            },
                        ),
                        name: Ident(
                            "b",
                        ),
                    },
                    value: Binary(
                        Binary {
                            op: Mul,
                            left: GetField(
                                GetField {
                                    target: GetVar(
                                        GetVar {
                                            name: Ident(
                                                "a",
                                            ),
                                        },
                                    ),
                                    name: Ident(
                                        "b",
                                    ),
                                },
                            ),
                            right: GetVar(
                                GetVar {
                                    name: Ident(
                                        "b",
                                    ),
                                },
                            ),
                        },
                    ),
                },
            ),
        ),
        Expr(
            SetField(
                SetField {
                    target: GetField {
                        target: GetVar(
                            GetVar {
                                name: Ident(
                                    "a",
                                ),
                            },
                        ),
                        name: Ident(
                            "b",
                        ),
                    },
                    value: Binary(
                        Binary {
                            op: Rem,
                            left: GetField(
                                GetField {
                                    target: GetVar(
                                        GetVar {
                                            name: Ident(
                                                "a",
                                            ),
                                        },
                                    ),
                                    name: Ident(
                                        "b",
                                    ),
                                },
                            ),
                            right: GetVar(
                                GetVar {
                                    name: Ident(
                                        "b",
                                    ),
                                },
                            ),
                        },
                    ),
                },
            ),
        ),
        Expr(
            SetField(
                SetField {
                    target: GetField {
                        target: GetVar(
                            GetVar {
                                name: Ident(
                                    "a",
                                ),
                            },
                        ),
                        name: Ident(
                            "b",
                        ),
                    },
                    value: Binary(
                        Binary {
                            op: Pow,
                            left: GetField(
                                GetField {
                                    target: GetVar(
                                        GetVar {
                                            name: Ident(
                                                "a",
                                            ),
                                        },
                                    ),
                                    name: Ident(
                                        "b",
                                    ),
                                },
                            ),
                            right: GetVar(
                                GetVar {
                                    name: Ident(
                                        "b",
                                    ),
                                },
                            ),
                        },
                    ),
                },
            ),
        ),
        Expr(
            SetField(
                SetField {
                    target: GetField {
                        target: GetVar(
                            GetVar {
                                name: Ident(
                                    "a",
                                ),
                            },
                        ),
                        name: Ident(
                            "b",
                        ),
                    },
                    value: Binary(
                        Binary {
                            op: Maybe,
                            left: GetField(
                                GetField {
                                    target: GetVar(
                                        GetVar {
                                            name: Ident(
                                                "a",
                                            ),
                                        },
                                    ),
                                    name: Ident(
                                        "b",
                                    ),
                                },
                            ),
                            right: GetVar(
                                GetVar {
                                    name: Ident(
                                        "b",
                                    ),
                                },
                            ),
                        },
                    ),
                },
            ),
        ),
    ],
}
