---
source: src/syntax/parser/tests.rs
expression: module
---
Module {
    body: [
        Expr(
            Literal(
                List(
                    [
                        Literal(
                            Int(
                                0,
                            ),
                        ),
                        Literal(
                            Int(
                                1,
                            ),
                        ),
                        Literal(
                            Int(
                                2,
                            ),
                        ),
                    ],
                ),
            ),
        ),
        Expr(
            Literal(
                List(
                    [
                        Literal(
                            Int(
                                0,
                            ),
                        ),
                        Literal(
                            Int(
                                1,
                            ),
                        ),
                        Literal(
                            Int(
                                2,
                            ),
                        ),
                    ],
                ),
            ),
        ),
        Expr(
            Literal(
                List(
                    [
                        Literal(
                            Int(
                                0,
                            ),
                        ),
                        Literal(
                            Int(
                                1,
                            ),
                        ),
                        Literal(
                            Int(
                                2,
                            ),
                        ),
                    ],
                ),
            ),
        ),
    ],
}
