---
source: src/syntax/parser/tests.rs
expression: module
---
Module {
    body: [
        Class(
            Class {
                name: Ident(
                    "T",
                ),
                parent: None,
                members: ClassMembers {
                    fields: [],
                    methods: [],
                    meta: [
                        (
                            Str,
                            Func {
                                name: Ident(
                                    "str",
                                ),
                                params: Params {
                                    has_self: true,
                                    pos: [],
                                },
                                body: [
                                    Pass,
                                ],
                                has_yield: false,
                            },
                        ),
                        (
                            Add,
                            Func {
                                name: Ident(
                                    "add",
                                ),
                                params: Params {
                                    has_self: true,
                                    pos: [
                                        Param {
                                            name: Ident(
                                                "other",
                                            ),
                                            default: None,
                                        },
                                    ],
                                },
                                body: [
                                    Pass,
                                ],
                                has_yield: false,
                            },
                        ),
                    ],
                },
            },
        ),
    ],
}
