---
source: src/syntax/parser/tests.rs
expression: module
---
Module {
    body: [
        Func(
            Func {
                name: "f",
                params: Params {
                    has_self: false,
                    pos: [
                        (
                            "a",
                            None,
                        ),
                        (
                            "b",
                            None,
                        ),
                        (
                            "c",
                            None,
                        ),
                    ],
                },
                body: [
                    Pass,
                ],
                has_yield: false,
            },
        ),
        Func(
            Func {
                name: "f",
                params: Params {
                    has_self: false,
                    pos: [
                        (
                            "a",
                            None,
                        ),
                        (
                            "b",
                            None,
                        ),
                        (
                            "c",
                            Some(
                                GetVar(
                                    GetVar {
                                        name: "d",
                                    },
                                ),
                            ),
                        ),
                    ],
                },
                body: [
                    Pass,
                ],
                has_yield: false,
            },
        ),
        Func(
            Func {
                name: "f",
                params: Params {
                    has_self: false,
                    pos: [
                        (
                            "a",
                            None,
                        ),
                        (
                            "b",
                            Some(
                                GetVar(
                                    GetVar {
                                        name: "c",
                                    },
                                ),
                            ),
                        ),
                        (
                            "d",
                            Some(
                                GetVar(
                                    GetVar {
                                        name: "e",
                                    },
                                ),
                            ),
                        ),
                    ],
                },
                body: [
                    Pass,
                ],
                has_yield: false,
            },
        ),
    ],
}
