---
source: src/syntax/parser/tests.rs
expression: module
---
Binary(
    Binary {
        op: Eq,
        left: GetVar(
            GetVar {
                name: Ident(
                    "a",
                ),
            },
        ),
        right: GetVar(
            GetVar {
                name: Ident(
                    "b",
                ),
            },
        ),
    },
)
