---
source: src/syntax/parser/tests.rs
expression: module
---
Module {
    body: [
        Loop(
            Infinite(
                Infinite {
                    body: [
                        Ctrl(
                            Break,
                        ),
                        Ctrl(
                            Continue,
                        ),
                    ],
                },
            ),
        ),
        Func(
            Func {
                name: "f",
                params: Params {
                    has_self: false,
                    pos: [],
                    argv: None,
                    kw: [],
                    kwargs: None,
                },
                body: [
                    Ctrl(
                        Yield(
                            Yield {
                                value: None,
                            },
                        ),
                    ),
                    Ctrl(
                        Yield(
                            Yield {
                                value: Some(
                                    GetVar(
                                        GetVar {
                                            name: "v",
                                        },
                                    ),
                                ),
                            },
                        ),
                    ),
                    Ctrl(
                        Return(
                            Return {
                                value: None,
                            },
                        ),
                    ),
                    Ctrl(
                        Return(
                            Return {
                                value: Some(
                                    GetVar(
                                        GetVar {
                                            name: "v",
                                        },
                                    ),
                                ),
                            },
                        ),
                    ),
                ],
                has_yield: true,
            },
        ),
        Loop(
            Infinite(
                Infinite {
                    body: [
                        Loop(
                            Infinite(
                                Infinite {
                                    body: [
                                        Ctrl(
                                            Break,
                                        ),
                                        Ctrl(
                                            Continue,
                                        ),
                                    ],
                                },
                            ),
                        ),
                        Ctrl(
                            Break,
                        ),
                        Ctrl(
                            Continue,
                        ),
                    ],
                },
            ),
        ),
        Func(
            Func {
                name: "g",
                params: Params {
                    has_self: false,
                    pos: [],
                    argv: None,
                    kw: [],
                    kwargs: None,
                },
                body: [
                    Func(
                        Func {
                            name: "h",
                            params: Params {
                                has_self: false,
                                pos: [],
                                argv: None,
                                kw: [],
                                kwargs: None,
                            },
                            body: [
                                Ctrl(
                                    Yield(
                                        Yield {
                                            value: None,
                                        },
                                    ),
                                ),
                                Ctrl(
                                    Yield(
                                        Yield {
                                            value: Some(
                                                GetVar(
                                                    GetVar {
                                                        name: "v",
                                                    },
                                                ),
                                            ),
                                        },
                                    ),
                                ),
                                Ctrl(
                                    Return(
                                        Return {
                                            value: None,
                                        },
                                    ),
                                ),
                                Ctrl(
                                    Return(
                                        Return {
                                            value: Some(
                                                GetVar(
                                                    GetVar {
                                                        name: "v",
                                                    },
                                                ),
                                            ),
                                        },
                                    ),
                                ),
                            ],
                            has_yield: true,
                        },
                    ),
                    Ctrl(
                        Yield(
                            Yield {
                                value: None,
                            },
                        ),
                    ),
                    Ctrl(
                        Yield(
                            Yield {
                                value: Some(
                                    GetVar(
                                        GetVar {
                                            name: "v",
                                        },
                                    ),
                                ),
                            },
                        ),
                    ),
                    Ctrl(
                        Return(
                            Return {
                                value: None,
                            },
                        ),
                    ),
                    Ctrl(
                        Return(
                            Return {
                                value: Some(
                                    GetVar(
                                        GetVar {
                                            name: "v",
                                        },
                                    ),
                                ),
                            },
                        ),
                    ),
                ],
                has_yield: true,
            },
        ),
        Loop(
            Infinite(
                Infinite {
                    body: [
                        Func(
                            Func {
                                name: "i",
                                params: Params {
                                    has_self: false,
                                    pos: [],
                                    argv: None,
                                    kw: [],
                                    kwargs: None,
                                },
                                body: [
                                    Ctrl(
                                        Yield(
                                            Yield {
                                                value: None,
                                            },
                                        ),
                                    ),
                                    Ctrl(
                                        Yield(
                                            Yield {
                                                value: Some(
                                                    GetVar(
                                                        GetVar {
                                                            name: "v",
                                                        },
                                                    ),
                                                ),
                                            },
                                        ),
                                    ),
                                    Ctrl(
                                        Return(
                                            Return {
                                                value: None,
                                            },
                                        ),
                                    ),
                                    Ctrl(
                                        Return(
                                            Return {
                                                value: Some(
                                                    GetVar(
                                                        GetVar {
                                                            name: "v",
                                                        },
                                                    ),
                                                ),
                                            },
                                        ),
                                    ),
                                ],
                                has_yield: true,
                            },
                        ),
                        Ctrl(
                            Break,
                        ),
                        Ctrl(
                            Continue,
                        ),
                    ],
                },
            ),
        ),
        Func(
            Func {
                name: "j",
                params: Params {
                    has_self: false,
                    pos: [],
                    argv: None,
                    kw: [],
                    kwargs: None,
                },
                body: [
                    Loop(
                        Infinite(
                            Infinite {
                                body: [
                                    Ctrl(
                                        Break,
                                    ),
                                    Ctrl(
                                        Continue,
                                    ),
                                ],
                            },
                        ),
                    ),
                    Ctrl(
                        Yield(
                            Yield {
                                value: None,
                            },
                        ),
                    ),
                    Ctrl(
                        Yield(
                            Yield {
                                value: Some(
                                    GetVar(
                                        GetVar {
                                            name: "v",
                                        },
                                    ),
                                ),
                            },
                        ),
                    ),
                    Ctrl(
                        Return(
                            Return {
                                value: None,
                            },
                        ),
                    ),
                    Ctrl(
                        Return(
                            Return {
                                value: Some(
                                    GetVar(
                                        GetVar {
                                            name: "v",
                                        },
                                    ),
                                ),
                            },
                        ),
                    ),
                ],
                has_yield: true,
            },
        ),
        Loop(
            Infinite(
                Infinite {
                    body: [
                        Func(
                            Func {
                                name: "k",
                                params: Params {
                                    has_self: false,
                                    pos: [],
                                    argv: None,
                                    kw: [],
                                    kwargs: None,
                                },
                                body: [
                                    Loop(
                                        Infinite(
                                            Infinite {
                                                body: [
                                                    Ctrl(
                                                        Break,
                                                    ),
                                                    Ctrl(
                                                        Continue,
                                                    ),
                                                ],
                                            },
                                        ),
                                    ),
                                    Ctrl(
                                        Yield(
                                            Yield {
                                                value: None,
                                            },
                                        ),
                                    ),
                                    Ctrl(
                                        Yield(
                                            Yield {
                                                value: Some(
                                                    GetVar(
                                                        GetVar {
                                                            name: "v",
                                                        },
                                                    ),
                                                ),
                                            },
                                        ),
                                    ),
                                    Ctrl(
                                        Return(
                                            Return {
                                                value: None,
                                            },
                                        ),
                                    ),
                                    Ctrl(
                                        Return(
                                            Return {
                                                value: Some(
                                                    GetVar(
                                                        GetVar {
                                                            name: "v",
                                                        },
                                                    ),
                                                ),
                                            },
                                        ),
                                    ),
                                ],
                                has_yield: true,
                            },
                        ),
                        Ctrl(
                            Break,
                        ),
                        Ctrl(
                            Continue,
                        ),
                    ],
                },
            ),
        ),
        Func(
            Func {
                name: "l",
                params: Params {
                    has_self: false,
                    pos: [],
                    argv: None,
                    kw: [],
                    kwargs: None,
                },
                body: [
                    Loop(
                        Infinite(
                            Infinite {
                                body: [
                                    Func(
                                        Func {
                                            name: "m",
                                            params: Params {
                                                has_self: false,
                                                pos: [],
                                                argv: None,
                                                kw: [],
                                                kwargs: None,
                                            },
                                            body: [
                                                Ctrl(
                                                    Yield(
                                                        Yield {
                                                            value: None,
                                                        },
                                                    ),
                                                ),
                                                Ctrl(
                                                    Yield(
                                                        Yield {
                                                            value: Some(
                                                                GetVar(
                                                                    GetVar {
                                                                        name: "v",
                                                                    },
                                                                ),
                                                            ),
                                                        },
                                                    ),
                                                ),
                                                Ctrl(
                                                    Return(
                                                        Return {
                                                            value: None,
                                                        },
                                                    ),
                                                ),
                                                Ctrl(
                                                    Return(
                                                        Return {
                                                            value: Some(
                                                                GetVar(
                                                                    GetVar {
                                                                        name: "v",
                                                                    },
                                                                ),
                                                            ),
                                                        },
                                                    ),
                                                ),
                                            ],
                                            has_yield: true,
                                        },
                                    ),
                                    Ctrl(
                                        Break,
                                    ),
                                    Ctrl(
                                        Continue,
                                    ),
                                ],
                            },
                        ),
                    ),
                    Ctrl(
                        Yield(
                            Yield {
                                value: None,
                            },
                        ),
                    ),
                    Ctrl(
                        Yield(
                            Yield {
                                value: Some(
                                    GetVar(
                                        GetVar {
                                            name: "v",
                                        },
                                    ),
                                ),
                            },
                        ),
                    ),
                    Ctrl(
                        Return(
                            Return {
                                value: None,
                            },
                        ),
                    ),
                    Ctrl(
                        Return(
                            Return {
                                value: Some(
                                    GetVar(
                                        GetVar {
                                            name: "v",
                                        },
                                    ),
                                ),
                            },
                        ),
                    ),
                ],
                has_yield: true,
            },
        ),
    ],
}
