---
source: src/syntax/parser/tests.rs
expression: module
---
Call(
    Call {
        target: GetVar(
            GetVar {
                name: "a",
            },
        ),
        args: [
            GetVar(
                GetVar {
                    name: "b",
                },
            ),
            GetVar(
                GetVar {
                    name: "c",
                },
            ),
        ],
    },
)
