---
source: src/vm/tests.rs
expression: snapshot
---
# Source:
class T: pass
class U(T): pass
U()


# Result:
Ok(
    Object(
        ClassInstance {
            name: "U",
            fields: {},
            parent: Some(
                ClassType {
                    name: "T",
                    init: None,
                    fields: {},
                    methods: {},
                    parent: None,
                },
            ),
            is_frozen: Cell {
                value: true,
            },
        },
    ),
)
