---
source: src/vm/tests.rs
expression: snapshot
---
# Source:
fn test(v):
  return v

test


# Result:
Ok(
    Object(
        Function {
            descriptor: FunctionDescriptor {
                name: "test",
                params: Params {
                    has_self: false,
                    min: 1,
                    max: 1,
                },
                upvalues: RefCell {
                    value: [],
                },
                frame_size: 2,
                instructions: 5,
                constants: 0,
            },
            upvalues: [],
            module_id: ModuleId(
                None,
            ),
        },
    ),
)
