---
source: ex/vm3/tests/parse.rs
expression: snapshot
input_file: ex/vm3/tests/input/vars.h2
---
[
    (
        "let",
        Token {
            kind: KwLet,
            span: Span {
                start: 58,
                end: 61,
            },
        },
    ),
    (
        "a",
        Token {
            kind: TokIdent,
            span: Span {
                start: 62,
                end: 63,
            },
        },
    ),
    (
        "=",
        Token {
            kind: OpEqual,
            span: Span {
                start: 64,
                end: 65,
            },
        },
    ),
    (
        "10",
        Token {
            kind: LitInt,
            span: Span {
                start: 66,
                end: 68,
            },
        },
    ),
    (
        "let",
        Token {
            kind: KwLet,
            span: Span {
                start: 69,
                end: 72,
            },
        },
    ),
    (
        "b",
        Token {
            kind: TokIdent,
            span: Span {
                start: 73,
                end: 74,
            },
        },
    ),
    (
        "=",
        Token {
            kind: OpEqual,
            span: Span {
                start: 75,
                end: 76,
            },
        },
    ),
    (
        "20",
        Token {
            kind: LitInt,
            span: Span {
                start: 77,
                end: 79,
            },
        },
    ),
    (
        "let",
        Token {
            kind: KwLet,
            span: Span {
                start: 80,
                end: 83,
            },
        },
    ),
    (
        "c",
        Token {
            kind: TokIdent,
            span: Span {
                start: 84,
                end: 85,
            },
        },
    ),
    (
        "=",
        Token {
            kind: OpEqual,
            span: Span {
                start: 86,
                end: 87,
            },
        },
    ),
    (
        "b",
        Token {
            kind: TokIdent,
            span: Span {
                start: 88,
                end: 89,
            },
        },
    ),
    (
        "let",
        Token {
            kind: KwLet,
            span: Span {
                start: 90,
                end: 93,
            },
        },
    ),
    (
        "a",
        Token {
            kind: TokIdent,
            span: Span {
                start: 94,
                end: 95,
            },
        },
    ),
    (
        "=",
        Token {
            kind: OpEqual,
            span: Span {
                start: 96,
                end: 97,
            },
        },
    ),
    (
        "c",
        Token {
            kind: TokIdent,
            span: Span {
                start: 98,
                end: 99,
            },
        },
    ),
    (
        "{",
        Token {
            kind: BrkCurlyL,
            span: Span {
                start: 101,
                end: 102,
            },
        },
    ),
    (
        "let",
        Token {
            kind: KwLet,
            span: Span {
                start: 117,
                end: 120,
            },
        },
    ),
    (
        "a",
        Token {
            kind: TokIdent,
            span: Span {
                start: 121,
                end: 122,
            },
        },
    ),
    (
        "=",
        Token {
            kind: OpEqual,
            span: Span {
                start: 123,
                end: 124,
            },
        },
    ),
    (
        "10",
        Token {
            kind: LitInt,
            span: Span {
                start: 125,
                end: 127,
            },
        },
    ),
    (
        "let",
        Token {
            kind: KwLet,
            span: Span {
                start: 130,
                end: 133,
            },
        },
    ),
    (
        "b",
        Token {
            kind: TokIdent,
            span: Span {
                start: 134,
                end: 135,
            },
        },
    ),
    (
        "=",
        Token {
            kind: OpEqual,
            span: Span {
                start: 136,
                end: 137,
            },
        },
    ),
    (
        "20",
        Token {
            kind: LitInt,
            span: Span {
                start: 138,
                end: 140,
            },
        },
    ),
    (
        "let",
        Token {
            kind: KwLet,
            span: Span {
                start: 143,
                end: 146,
            },
        },
    ),
    (
        "c",
        Token {
            kind: TokIdent,
            span: Span {
                start: 147,
                end: 148,
            },
        },
    ),
    (
        "=",
        Token {
            kind: OpEqual,
            span: Span {
                start: 149,
                end: 150,
            },
        },
    ),
    (
        "b",
        Token {
            kind: TokIdent,
            span: Span {
                start: 151,
                end: 152,
            },
        },
    ),
    (
        "let",
        Token {
            kind: KwLet,
            span: Span {
                start: 155,
                end: 158,
            },
        },
    ),
    (
        "a",
        Token {
            kind: TokIdent,
            span: Span {
                start: 159,
                end: 160,
            },
        },
    ),
    (
        "=",
        Token {
            kind: OpEqual,
            span: Span {
                start: 161,
                end: 162,
            },
        },
    ),
    (
        "c",
        Token {
            kind: TokIdent,
            span: Span {
                start: 163,
                end: 164,
            },
        },
    ),
    (
        "}",
        Token {
            kind: BrkCurlyR,
            span: Span {
                start: 165,
                end: 166,
            },
        },
    ),
]
