---
source: ex/vm3/tests/parse.rs
expression: snapshot
input_file: ex/vm3/tests/input/return.h2
---
[
    (
        "fn",
        Token {
            kind: KwFn,
            span: Span {
                start: 0,
                end: 2,
            },
        },
    ),
    (
        "_0",
        Token {
            kind: TokIdent,
            span: Span {
                start: 3,
                end: 5,
            },
        },
    ),
    (
        "{",
        Token {
            kind: BrkCurlyL,
            span: Span {
                start: 6,
                end: 7,
            },
        },
    ),
    (
        "return",
        Token {
            kind: KwReturn,
            span: Span {
                start: 8,
                end: 14,
            },
        },
    ),
    (
        "}",
        Token {
            kind: BrkCurlyR,
            span: Span {
                start: 15,
                end: 16,
            },
        },
    ),
    (
        "fn",
        Token {
            kind: KwFn,
            span: Span {
                start: 17,
                end: 19,
            },
        },
    ),
    (
        "_1",
        Token {
            kind: TokIdent,
            span: Span {
                start: 20,
                end: 22,
            },
        },
    ),
    (
        "{",
        Token {
            kind: BrkCurlyL,
            span: Span {
                start: 23,
                end: 24,
            },
        },
    ),
    (
        "return",
        Token {
            kind: KwReturn,
            span: Span {
                start: 25,
                end: 31,
            },
        },
    ),
    (
        "nil",
        Token {
            kind: LitNil,
            span: Span {
                start: 32,
                end: 35,
            },
        },
    ),
    (
        "}",
        Token {
            kind: BrkCurlyR,
            span: Span {
                start: 36,
                end: 37,
            },
        },
    ),
    (
        "fn",
        Token {
            kind: KwFn,
            span: Span {
                start: 38,
                end: 40,
            },
        },
    ),
    (
        "_2",
        Token {
            kind: TokIdent,
            span: Span {
                start: 41,
                end: 43,
            },
        },
    ),
    (
        "{",
        Token {
            kind: BrkCurlyL,
            span: Span {
                start: 44,
                end: 45,
            },
        },
    ),
    (
        "return",
        Token {
            kind: KwReturn,
            span: Span {
                start: 46,
                end: 52,
            },
        },
    ),
    (
        "0",
        Token {
            kind: LitInt,
            span: Span {
                start: 53,
                end: 54,
            },
        },
    ),
    (
        "}",
        Token {
            kind: BrkCurlyR,
            span: Span {
                start: 55,
                end: 56,
            },
        },
    ),
    (
        "fn",
        Token {
            kind: KwFn,
            span: Span {
                start: 57,
                end: 59,
            },
        },
    ),
    (
        "_3",
        Token {
            kind: TokIdent,
            span: Span {
                start: 60,
                end: 62,
            },
        },
    ),
    (
        "{",
        Token {
            kind: BrkCurlyL,
            span: Span {
                start: 63,
                end: 64,
            },
        },
    ),
    (
        "return",
        Token {
            kind: KwReturn,
            span: Span {
                start: 65,
                end: 71,
            },
        },
    ),
    (
        "0.1",
        Token {
            kind: LitFloat,
            span: Span {
                start: 72,
                end: 75,
            },
        },
    ),
    (
        "}",
        Token {
            kind: BrkCurlyR,
            span: Span {
                start: 76,
                end: 77,
            },
        },
    ),
    (
        "fn",
        Token {
            kind: KwFn,
            span: Span {
                start: 78,
                end: 80,
            },
        },
    ),
    (
        "_4",
        Token {
            kind: TokIdent,
            span: Span {
                start: 81,
                end: 83,
            },
        },
    ),
    (
        "{",
        Token {
            kind: BrkCurlyL,
            span: Span {
                start: 84,
                end: 85,
            },
        },
    ),
    (
        "return",
        Token {
            kind: KwReturn,
            span: Span {
                start: 86,
                end: 92,
            },
        },
    ),
    (
        "true",
        Token {
            kind: LitBool,
            span: Span {
                start: 93,
                end: 97,
            },
        },
    ),
    (
        "}",
        Token {
            kind: BrkCurlyR,
            span: Span {
                start: 98,
                end: 99,
            },
        },
    ),
    (
        "fn",
        Token {
            kind: KwFn,
            span: Span {
                start: 100,
                end: 102,
            },
        },
    ),
    (
        "_5",
        Token {
            kind: TokIdent,
            span: Span {
                start: 103,
                end: 105,
            },
        },
    ),
    (
        "{",
        Token {
            kind: BrkCurlyL,
            span: Span {
                start: 106,
                end: 107,
            },
        },
    ),
    (
        "return",
        Token {
            kind: KwReturn,
            span: Span {
                start: 108,
                end: 114,
            },
        },
    ),
    (
        "\"test\"",
        Token {
            kind: LitString,
            span: Span {
                start: 115,
                end: 121,
            },
        },
    ),
    (
        "}",
        Token {
            kind: BrkCurlyR,
            span: Span {
                start: 122,
                end: 123,
            },
        },
    ),
    (
        "fn",
        Token {
            kind: KwFn,
            span: Span {
                start: 124,
                end: 126,
            },
        },
    ),
    (
        "_6",
        Token {
            kind: TokIdent,
            span: Span {
                start: 127,
                end: 129,
            },
        },
    ),
    (
        "{",
        Token {
            kind: BrkCurlyL,
            span: Span {
                start: 130,
                end: 131,
            },
        },
    ),
    (
        "return",
        Token {
            kind: KwReturn,
            span: Span {
                start: 132,
                end: 138,
            },
        },
    ),
    (
        "#{",
        Token {
            kind: LitRecord,
            span: Span {
                start: 139,
                end: 141,
            },
        },
    ),
    (
        "}",
        Token {
            kind: BrkCurlyR,
            span: Span {
                start: 141,
                end: 142,
            },
        },
    ),
    (
        "}",
        Token {
            kind: BrkCurlyR,
            span: Span {
                start: 143,
                end: 144,
            },
        },
    ),
    (
        "fn",
        Token {
            kind: KwFn,
            span: Span {
                start: 145,
                end: 147,
            },
        },
    ),
    (
        "_7",
        Token {
            kind: TokIdent,
            span: Span {
                start: 148,
                end: 150,
            },
        },
    ),
    (
        "{",
        Token {
            kind: BrkCurlyL,
            span: Span {
                start: 151,
                end: 152,
            },
        },
    ),
    (
        "return",
        Token {
            kind: KwReturn,
            span: Span {
                start: 153,
                end: 159,
            },
        },
    ),
    (
        "#[",
        Token {
            kind: LitList,
            span: Span {
                start: 160,
                end: 162,
            },
        },
    ),
    (
        "]",
        Token {
            kind: BrkSquareR,
            span: Span {
                start: 162,
                end: 163,
            },
        },
    ),
    (
        "}",
        Token {
            kind: BrkCurlyR,
            span: Span {
                start: 164,
                end: 165,
            },
        },
    ),
    (
        "fn",
        Token {
            kind: KwFn,
            span: Span {
                start: 166,
                end: 168,
            },
        },
    ),
    (
        "_8",
        Token {
            kind: TokIdent,
            span: Span {
                start: 169,
                end: 171,
            },
        },
    ),
    (
        "{",
        Token {
            kind: BrkCurlyL,
            span: Span {
                start: 172,
                end: 173,
            },
        },
    ),
    (
        "return",
        Token {
            kind: KwReturn,
            span: Span {
                start: 174,
                end: 180,
            },
        },
    ),
    (
        "#(",
        Token {
            kind: LitTuple,
            span: Span {
                start: 181,
                end: 183,
            },
        },
    ),
    (
        ")",
        Token {
            kind: BrkParenR,
            span: Span {
                start: 183,
                end: 184,
            },
        },
    ),
    (
        "}",
        Token {
            kind: BrkCurlyR,
            span: Span {
                start: 185,
                end: 186,
            },
        },
    ),
    (
        "fn",
        Token {
            kind: KwFn,
            span: Span {
                start: 187,
                end: 189,
            },
        },
    ),
    (
        "_9",
        Token {
            kind: TokIdent,
            span: Span {
                start: 190,
                end: 192,
            },
        },
    ),
    (
        "{",
        Token {
            kind: BrkCurlyL,
            span: Span {
                start: 193,
                end: 194,
            },
        },
    ),
    (
        "return",
        Token {
            kind: KwReturn,
            span: Span {
                start: 195,
                end: 201,
            },
        },
    ),
    (
        "value",
        Token {
            kind: TokIdent,
            span: Span {
                start: 202,
                end: 207,
            },
        },
    ),
    (
        "}",
        Token {
            kind: BrkCurlyR,
            span: Span {
                start: 208,
                end: 209,
            },
        },
    ),
    (
        "fn",
        Token {
            kind: KwFn,
            span: Span {
                start: 210,
                end: 212,
            },
        },
    ),
    (
        "_10",
        Token {
            kind: TokIdent,
            span: Span {
                start: 213,
                end: 216,
            },
        },
    ),
    (
        "{",
        Token {
            kind: BrkCurlyL,
            span: Span {
                start: 217,
                end: 218,
            },
        },
    ),
    (
        "return",
        Token {
            kind: KwReturn,
            span: Span {
                start: 219,
                end: 225,
            },
        },
    ),
    (
        "fn",
        Token {
            kind: KwFn,
            span: Span {
                start: 226,
                end: 228,
            },
        },
    ),
    (
        "{",
        Token {
            kind: BrkCurlyL,
            span: Span {
                start: 229,
                end: 230,
            },
        },
    ),
    (
        "}",
        Token {
            kind: BrkCurlyR,
            span: Span {
                start: 230,
                end: 231,
            },
        },
    ),
    (
        "}",
        Token {
            kind: BrkCurlyR,
            span: Span {
                start: 232,
                end: 233,
            },
        },
    ),
    (
        "fn",
        Token {
            kind: KwFn,
            span: Span {
                start: 234,
                end: 236,
            },
        },
    ),
    (
        "_11",
        Token {
            kind: TokIdent,
            span: Span {
                start: 237,
                end: 240,
            },
        },
    ),
    (
        "{",
        Token {
            kind: BrkCurlyL,
            span: Span {
                start: 241,
                end: 242,
            },
        },
    ),
    (
        "return",
        Token {
            kind: KwReturn,
            span: Span {
                start: 243,
                end: 249,
            },
        },
    ),
    (
        "if",
        Token {
            kind: KwIf,
            span: Span {
                start: 250,
                end: 252,
            },
        },
    ),
    (
        "true",
        Token {
            kind: LitBool,
            span: Span {
                start: 253,
                end: 257,
            },
        },
    ),
    (
        "{",
        Token {
            kind: BrkCurlyL,
            span: Span {
                start: 258,
                end: 259,
            },
        },
    ),
    (
        "0",
        Token {
            kind: LitInt,
            span: Span {
                start: 260,
                end: 261,
            },
        },
    ),
    (
        "}",
        Token {
            kind: BrkCurlyR,
            span: Span {
                start: 262,
                end: 263,
            },
        },
    ),
    (
        "else",
        Token {
            kind: KwElse,
            span: Span {
                start: 264,
                end: 268,
            },
        },
    ),
    (
        "{",
        Token {
            kind: BrkCurlyL,
            span: Span {
                start: 269,
                end: 270,
            },
        },
    ),
    (
        "1",
        Token {
            kind: LitInt,
            span: Span {
                start: 271,
                end: 272,
            },
        },
    ),
    (
        "}",
        Token {
            kind: BrkCurlyR,
            span: Span {
                start: 273,
                end: 274,
            },
        },
    ),
    (
        "}",
        Token {
            kind: BrkCurlyR,
            span: Span {
                start: 275,
                end: 276,
            },
        },
    ),
    (
        "fn",
        Token {
            kind: KwFn,
            span: Span {
                start: 277,
                end: 279,
            },
        },
    ),
    (
        "_12",
        Token {
            kind: TokIdent,
            span: Span {
                start: 280,
                end: 283,
            },
        },
    ),
    (
        "{",
        Token {
            kind: BrkCurlyL,
            span: Span {
                start: 284,
                end: 285,
            },
        },
    ),
    (
        "return",
        Token {
            kind: KwReturn,
            span: Span {
                start: 286,
                end: 292,
            },
        },
    ),
    (
        "-",
        Token {
            kind: OpMinus,
            span: Span {
                start: 293,
                end: 294,
            },
        },
    ),
    (
        "1",
        Token {
            kind: LitInt,
            span: Span {
                start: 294,
                end: 295,
            },
        },
    ),
    (
        "}",
        Token {
            kind: BrkCurlyR,
            span: Span {
                start: 296,
                end: 297,
            },
        },
    ),
    (
        "fn",
        Token {
            kind: KwFn,
            span: Span {
                start: 298,
                end: 300,
            },
        },
    ),
    (
        "_13",
        Token {
            kind: TokIdent,
            span: Span {
                start: 301,
                end: 304,
            },
        },
    ),
    (
        "{",
        Token {
            kind: BrkCurlyL,
            span: Span {
                start: 305,
                end: 306,
            },
        },
    ),
    (
        "return",
        Token {
            kind: KwReturn,
            span: Span {
                start: 307,
                end: 313,
            },
        },
    ),
    (
        "!",
        Token {
            kind: OpBang,
            span: Span {
                start: 314,
                end: 315,
            },
        },
    ),
    (
        "true",
        Token {
            kind: LitBool,
            span: Span {
                start: 315,
                end: 319,
            },
        },
    ),
    (
        "}",
        Token {
            kind: BrkCurlyR,
            span: Span {
                start: 320,
                end: 321,
            },
        },
    ),
]
