---
source: crates/emit/src/emitter/tests.rs
expression: snapshot
---
# Input:
print v # load_global


# Chunk:
function <test>:
length = 4
const pool = (length=1) {
  0 = "v"
}
bytecode:
 0 | 08 00             load_global       name=0
 2 | 24                print            
 3 | ff                suspend          

