---
source: crates/emit/src/emitter/tests.rs
expression: snapshot
---
# Input:
f()

# Func:
function <[[main]]>:
  frame_size: 4
  length: 5
  const (length=1):
    0: "f"
  code:
    0 | load_global [0]
    2 | call0 
    3 | ret 
    4 | suspend 


# Regalloc:
r0 │ ●━━━━━━━━━━━━━━━━━━━━━━━━━━━●
r1 │     ●━━━━━━━━━━━━━━━━━━━●
r2 │         ●━━━━━━━━━━━●
r3 │             ●━━━●
   ┕━━━━━━━━━━━━━━━━━━━━━━━━━━━
     00  01  02  03  04  05  06  07  08  
