---
source: crates/emit/src/emitter/tests.rs
expression: snapshot
---
# Input:
f(0, 1, 2)

# Chunk:
function <[[main]]>:
  frame_size: 4
  length: 30
  const (length=1):
    0: "f"
  code:
     0 | load_global [0]
     2 | store_reg r0
     4 | push_small_int value=0
     9 | store_reg r1
    11 | push_small_int value=1
    16 | store_reg r2
    18 | push_small_int value=2
    23 | store_reg r3
    25 | call r0, args=3
    28 | ret 
    29 | suspend 

