---
source: crates/emit/src/emitter/tests.rs
expression: snapshot
---
# Input:
f(a=0)

# Chunk:
function <test>:
  frame_size: 2
  length: 20
  const (length=2):
    0: "f"
    1: "a"
  code:
     0 | 08 00             load_global [0]
     2 | 05 00             store_reg r0
     4 | 14                create_empty_dict 
     5 | 05 01             store_reg r1
     7 | 11 00 00 00 00    push_small_int value=0
    12 | 16 01 01          insert_to_dict_keyed [1], r1
    15 | 2d 00 00          call_kw r0, args=0
    18 | 31                ret 
    19 | ff                suspend 

