---
source: crates/emit/src/emitter/tests.rs
expression: snapshot
---
# Input:
f(0)

# Chunk:
function <test>:
  frame_size: 2
  length: 16
  const (length=1):
    0: "f"
  code:
     0 | 08 00             load_global [0]
     2 | 05 00             store_reg r0
     4 | 11 00 00 00 00    push_small_int value=0
     9 | 05 01             store_reg r1
    11 | 2b 00 01          call r0, args=1
    14 | 2d                ret 
    15 | ff                suspend 

