---
source: crates/emit/src/emitter/tests.rs
expression: snapshot
---
# Input:
a(b(c()))

# Chunk:
function <[[main]]>:
  frame_size: 5
  length: 27
  const (length=3):
    0: "a"
    1: "b"
    2: "c"
  code:
     0 | load_global [0]
     2 | store_reg r0
     4 | load_global [1]
     6 | store_reg r2
     8 | load_global [2]
    10 | store_reg r4
    12 | call r4, args=0
    15 | store_reg r3
    17 | call r2, args=1
    20 | store_reg r1
    22 | call r0, args=1
    25 | ret 
    26 | suspend 

