---
source: crates/emit/src/emitter/tests.rs
expression: snapshot
---
# Input:
fn a():
  v := 0
  fn b():
    print v
  return b

a()()


# Func:
function <b>:
  frame_size: 4
  length: 6
  const: <empty>
  code:
    0 | load_capture slot=0
    2 | print 
    3 | push_none 
    4 | ret 
    5 | suspend 

function <a>:
  frame_size: 5
  length: 18
  const (length=1):
    0: <closure desc b n=1>
  code:
     0 | push_small_int value=0
     5 | store_reg r4
     7 | create_closure [0]
     9 | capture_reg r4, slot=0
    12 | store_reg r4
    14 | load_reg r4
    16 | ret 
    17 | suspend 

function <[[main]]>:
  frame_size: 4
  length: 9
  const (length=2):
    0: <func a>
    1: "a"
  code:
    0 | load_const [0]
    2 | store_global [1]
    4 | load_global [1]
    6 | call0 
    7 | call0 
    8 | suspend 


# Regalloc:
r0 │ ●━━━━━━━━━━━━━━━━━━━━━━━━━━━●
r1 │     ●━━━━━━━━━━━━━━━━━━━●
r2 │         ●━━━━━━━━━━━●
r3 │             ●━━━●
   ┕━━━━━━━━━━━━━━━━━━━━━━━━━━━
     00  01  02  03  04  05  06  07  08  
