---
source: crates/emit/src/emitter/tests.rs
expression: snapshot
---
# Input:
a(b(c()))

# Func:
function <[[main]]>:
  frame_size: 9
  length: 26
  const (length=3):
    0: "a"
    1: "b"
    2: "c"
  code:
     0 | load_global [0]
     2 | store_reg r4
     4 | load_global [1]
     6 | store_reg r6
     8 | load_global [2]
    10 | store_reg r8
    12 | call r8, args=0
    15 | store_reg r7
    17 | call r6, args=1
    20 | store_reg r5
    22 | call r4, args=1
    25 | suspend 


# Regalloc:
r0 │ ●━━━━━━━━━━━━━━━━━━━━━━━━━━━━━━━━━━━━━━━━━━━━━━━━━━━━━━━━━━━━━━━━━━━━━━━━━━━━━━━━━━━━━━━━━━━━━━━━━━━●
r1 │     ●━━━━━━━━━━━━━━━━━━━━━━━━━━━━━━━━━━━━━━━━━━━━━━━━━━━━━━━━━━━━━━━━━━━━━━━━━━━━━━━━━━━━━━━━━━━●
r2 │         ●━━━━━━━━━━━━━━━━━━━━━━━━━━━━━━━━━━━━━━━━━━━━━━━━━━━━━━━━━━━━━━━━━━━━━━━━━━━━━━━━━━━●
r3 │             ●━━━━━━━━━━━━━━━━━━━━━━━━━━━━━━━━━━━━━━━━━━━━━━━━━━━━━━━━━━━━━━━━━━━━━━━━━━━●
r4 │                 ●━━━━━━━━━━━━━━━━━━━━━━━━━━━━━━━━━━━━━━━━━━━━━━━━━━━━━━━━━━━━━━━━━━━●
r5 │                         ●━━━━━━━━━━━━━━━━━━━━━━━━━━━━━━━━━━━━━━━━━━━━━━━━━━━●
r6 │                             ●━━━━━━━━━━━━━━━━━━━━━━━━━━━━━━━━━━━━━━━●
r7 │                                     ●━━━━━━━━━━━━━━━━━━━━━━━●
r8 │                                         ●━━━━━━━━━━━●
   ┕━━━━━━━━━━━━━━━━━━━━━━━━━━━━━━━━━━━━━━━━━━━━━━━━━━━━━━━━━━━━━━━━━━━━━━━━━━━━━━━━━
     00  01  02  03  04  05  06  07  08  09  10  11  12  13  14  15  16  17  18  19  20  21  22  23  24  25  26  
