---
source: crates/emit/src/emitter/tests.rs
expression: snapshot
---
# Input:
v := { a: 0 }
print v["a"]
v["a"] = 1


# Chunk:
function <[[main]]>:
  frame_size: 2
  length: 46
  const (length=2):
    0: "a"
    1: "v"
  code:
     0 | create_empty_dict 
     1 | store_reg r0
     3 | load_const [0]
     5 | store_reg r1
     7 | push_small_int value=0
    12 | insert_to_dict r1, r0
    15 | load_reg r0
    17 | store_global [1]
    19 | load_const [0]
    21 | store_reg r0
    23 | load_global [1]
    25 | load_keyed r0
    27 | print 
    28 | load_const [0]
    30 | store_reg r0
    32 | load_global [1]
    34 | store_reg r1
    36 | push_small_int value=1
    41 | store_keyed r0, r1
    44 | ret 
    45 | suspend 

