---
source: crates/emit/src/emitter/tests.rs
expression: snapshot
---
# Input:
print [0, 1, 2]

# Chunk:
function <test>:
length = 28
const pool = <empty>
bytecode:
  0 | 1b                create_empty_list
  1 | 05 00             store_reg         reg=0
  3 | 1a 00 00 00 00    push_small_int    value=0
  8 | 1c 00             push_to_list      list=0
 10 | 1a 01 00 00 00    push_small_int    value=1
 15 | 1c 00             push_to_list      list=0
 17 | 1a 02 00 00 00    push_small_int    value=2
 22 | 1c 00             push_to_list      list=0
 24 | 04 00             load_reg          reg=0
 26 | 15                print            
 27 | ff                suspend          

