---
source: crates/emit/src/emitter/tests.rs
expression: snapshot
---
# Input:
print "test"

# Func:
function <[[main]]>:
  frame_size: 4
  length: 4
  const (length=1):
    0: "test"
  code:
    0 | load_const [0]
    2 | print 
    3 | suspend 


# Regalloc:
r0 │ ●━━━━━━━━━━━━━━━━━━━━━━━━━━━●
r1 │     ●━━━━━━━━━━━━━━━━━━━●
r2 │         ●━━━━━━━━━━━●
r3 │             ●━━━●
   ┕━━━━━━━━━━━━━━━━━━━━━━━━━━━
     00  01  02  03  04  05  06  07  08  
