---
source: crates/emit/src/emitter/tests.rs
expression: snapshot
---
# Input:
f(0)

# Func:
function <[[main]]>:
  frame_size: 2
  length: 16
  const (length=1):
    0: "f"
  code:
     0 | load_global [0]
     2 | store_reg r0
     4 | push_small_int value=0
     9 | store_reg r1
    11 | call r0, args=1
    14 | ret 
    15 | suspend 

