---
source: src/emit/tests.rs
expression: snapshot
---
# Input:
class U: pass
class T(U):
  value = 0
  fn @add(self, other): pass
  fn add(self, other): pass


# Func:
function `T.@add` (registers: 2, length: 2, constants: 0)
.code
  0 | load_none
  1 | return



function `T.add` (registers: 2, length: 2, constants: 0)
.code
  0 | load_none
  1 | return



function `main` (registers: 2, length: 18, constants: 4)
.code
  0  | make_class_empty [0]; <class `U` descriptor>
  2  | store_global [1]; U
  4  | load_global [1]; U
  6  | store r0
  8  | load_smi 0
  10 | store r1
  12 | make_class_derived [2] r0; <class `T` descriptor>
  15 | store_global [3]; T
  17 | return




