---
source: src/emit/tests.rs
expression: snapshot
---
# Input:
v := { a: 0 }
print v.a
v.a = 1


# Func:
function `main` (registers: 2, upvalues: 0, length: 28, constants: 2)
  0  | load_const [0]; a
  2  | store r0
  4  | load_smi 0
  6  | store r1
  8  | make_table r0 1
  11 | store_global [1]; v
  13 | load_global [1]; v
  15 | load_field [0]; a
  17 | print
  18 | load_global [1]; v
  20 | store r0
  22 | load_smi 1
  24 | store_field r0 [0]; a
  27 | return




