---
source: src/emit/tests.rs
expression: snapshot
---
# Input:
from test import symbol
print symbol


# Func:
function `main` (registers: 2, length: 13, constants: 2)
.code
  0  | import [0] r1; test
  3  | load r1
  5  | load_field [1]; symbol
  7  | store r1
  9  | load r1
  11 | print
  12 | return




