---
source: src/emit/tests.rs
expression: snapshot
---
# Input:
o.f(1,2,3)

# Func:
function `test` (registers: 4, upvalues: 0, length: 22, constants: 2)
  0  | load_global [1]; o
  2  | load_field [0]; f
  4  | store r0
  6  | load_smi 1
  8  | store r1
  10 | load_smi 2
  12 | store r2
  14 | load_smi 3
  16 | store r3
  18 | call r0 3
  21 | ret




