---
source: src/emit/emitter/tests.rs
expression: snapshot
---
# Input:
fn test():
  u := 0
  class T:
    v = 0
    fn test(self):
      print self.v, u


# Func:
function "test":
  frame_size: 5
  length: 17
  const (length=1):
    0: "v"
  code:
     0 | create_empty_list 
     1 | store_reg r4
     3 | load_self 
     4 | load_field [0]
     6 | push_to_list r4
     8 | load_capture slot=0
    10 | push_to_list r4
    12 | print_list r4
    14 | push_none 
    15 | ret 
    16 | suspend 

function "test":
  frame_size: 7
  length: 29
  const (length=2):
    0: <class descriptor "T">
    1: <function descriptor "test">
  code:
     0 | push_small_int value=0
     5 | store_reg r4
     7 | create_function [1]
     9 | capture_reg r4, slot=0
    12 | store_reg r5
    14 | push_small_int value=0
    19 | store_reg r6
    21 | create_class [0], r5
    24 | store_reg r4
    26 | push_none 
    27 | ret 
    28 | suspend 

function "code":
  frame_size: 4
  length: 6
  const (length=2):
    0: <function descriptor "test">
    1: "test"
  code:
    0 | create_function [0]
    2 | store_global [1]
    4 | ret 
    5 | suspend 


# Regalloc:
r0 │ ●━━━━━━━━━━━━━━━━━━━━━━━━━━━●
r1 │     ●━━━━━━━━━━━━━━━━━━━●
r2 │         ●━━━━━━━━━━━●
r3 │             ●━━━●
   ┕━━━━━━━━━━━━━━━━━━━━━━━━━━━
     00  01  02  03  04  05  06  07  08  
