---
source: src/emit/emitter/tests.rs
expression: snapshot
---
# Input:
fn main():
  from test import symbol

  print symbol


# Func:
function "main":
  frame_size: 5
  length: 10
  const (length=2):
    0: <path test>
    1: "symbol"
  code:
     0 | import_named [0], [1], r4
     4 | load_reg r4
     6 | print 
     7 | push_none 
     8 | ret 
     9 | suspend 

function "code":
  frame_size: 4
  length: 6
  const (length=2):
    0: <function descriptor "main">
    1: "main"
  code:
    0 | create_function [0]
    2 | store_global [1]
    4 | ret 
    5 | suspend 


# Regalloc:
r0 │ ●━━━━━━━━━━━━━━━━━━━━━━━━━━━●
r1 │     ●━━━━━━━━━━━━━━━━━━━●
r2 │         ●━━━━━━━━━━━●
r3 │             ●━━━●
   ┕━━━━━━━━━━━━━━━━━━━━━━━━━━━
     00  01  02  03  04  05  06  07  08  
